// Jest Snapshot v1, https://goo.gl/fbAQLP

exports[`Header renders correctly 1`] = `
<header
  style={
    Object {
      "marginBottom": "0.45rem",
      "marginTop": "4em",
    }
  }
>
  <div
    style={
      Object {
        "margin": "0 auto",
        "maxWidth": 960,
        "padding": "0 1.0875rem",
        "textAlign": "center",
      }
    }
  >
    <h2
      style={
        Object {
          "margin": 0,
        }
      }
    >
      <a
        href="/"
        style={
          Object {
            "color": "black",
            "textDecoration": "none",
          }
        }
      >
        Default Starter
      </a>
    </h2>
  </div>
</header>
`;
